Flow report for DE2_115
Wed Aug 19 14:18:54 2026
Quartus Prime Version 20.1.1 Build 720 11/11/2020 SJ Lite Edition


---------------------
; Table of Contents ;
---------------------
  1. Legal Notice
  2. Flow Summary
  3. Flow Settings
  4. Flow Non-Default Global Settings
  5. Flow Elapsed Time
  6. Flow OS Summary
  7. Flow Log
  8. Flow Messages
  9. Flow Suppressed Messages



----------------
; Legal Notice ;
----------------
Copyright (C) 2020  Intel Corporation. All rights reserved.
Your use of Intel Corporation's design tools, logic functions 
and other software and tools, and any partner logic 
functions, and any output files from any of the foregoing 
(including device programming or simulation files), and any 
associated documentation or information are expressly subject 
to the terms and conditions of the Intel Program License 
Subscription Agreement, the Intel Quartus Prime License Agreement,
the Intel FPGA IP License Agreement, or other applicable license
agreement, including, without limitation, that your use is for
the sole purpose of programming logic devices manufactured by
Intel and sold by Intel or its authorized distributors.  Please
refer to the applicable agreement for further details, at
https://fpgasoftware.intel.com/eula.



+----------------------------------------------------------------------------------+
; Flow Summary                                                                     ;
+------------------------------------+---------------------------------------------+
; Flow Status                        ; Successful - Wed Aug 19 14:18:54 2026       ;
; Quartus Prime Version              ; 20.1.1 Build 720 11/11/2020 SJ Lite Edition ;
; Revision Name                      ; DE2_115                                     ;
; Top-level Entity Name              ; DE2_115                                     ;
; Family                             ; Cyclone IV E                                ;
; Device                             ; EP4CE115F29C7                               ;
; Timing Models                      ; Final                                       ;
; Total logic elements               ; 789 / 114,480 ( < 1 % )                     ;
;     Total combinational functions  ; 670 / 114,480 ( < 1 % )                     ;
;     Dedicated logic registers      ; 518 / 114,480 ( < 1 % )                     ;
; Total registers                    ; 518                                         ;
; Total pins                         ; 407 / 529 ( 77 % )                          ;
; Total virtual pins                 ; 0                                           ;
; Total memory bits                  ; 0 / 3,981,312 ( 0 % )                       ;
; Embedded Multiplier 9-bit elements ; 8 / 532 ( 2 % )                             ;
; Total PLLs                         ; 1 / 4 ( 25 % )                              ;
+------------------------------------+---------------------------------------------+


+-----------------------------------------+
; Flow Settings                           ;
+-------------------+---------------------+
; Option            ; Setting             ;
+-------------------+---------------------+
; Start date & time ; 08/19/2026 14:18:28 ;
; Main task         ; Compilation         ;
; Revision Name     ; DE2_115             ;
+-------------------+---------------------+


+----------------------------------------------------------------------------------------------------------------------------------+
; Flow Non-Default Global Settings                                                                                                 ;
+-------------------------------------+----------------------------------------+--------------------+-------------+----------------+
; Assignment Name                     ; Value                                  ; Default Value      ; Entity Name ; Section Id     ;
+-------------------------------------+----------------------------------------+--------------------+-------------+----------------+
; COMPILER_SIGNATURE_ID               ; 31615468960353.178715990812845         ; --                 ; --          ; --             ;
; CYCLONEII_OPTIMIZATION_TECHNIQUE    ; Speed                                  ; Balanced           ; --          ; --             ;
; EDA_OUTPUT_DATA_FORMAT              ; Vhdl                                   ; --                 ; --          ; eda_simulation ;
; EDA_SIMULATION_TOOL                 ; ModelSim-Altera (VHDL)                 ; <None>             ; --          ; --             ;
; ENABLE_SIGNALTAP                    ; Off                                    ; --                 ; --          ; --             ;
; MAX_CORE_JUNCTION_TEMP              ; 85                                     ; --                 ; --          ; --             ;
; MIN_CORE_JUNCTION_TEMP              ; 0                                      ; --                 ; --          ; --             ;
; MISC_FILE                           ; PLL1_inst.vhd                          ; --                 ; --          ; --             ;
; MISC_FILE                           ; PLL1.cmp                               ; --                 ; --          ; --             ;
; MISC_FILE                           ; PLL1.ppf                               ; --                 ; --          ; --             ;
; MISC_FILE                           ; PLL1_syn.v                             ; --                 ; --          ; --             ;
; MISC_FILE                           ; PLL2_inst.vhd                          ; --                 ; --          ; --             ;
; MISC_FILE                           ; PLL2.cmp                               ; --                 ; --          ; --             ;
; MISC_FILE                           ; PLL2.ppf                               ; --                 ; --          ; --             ;
; MISC_FILE                           ; PLL2_syn.v                             ; --                 ; --          ; --             ;
; NUM_PARALLEL_PROCESSORS             ; All                                    ; --                 ; --          ; --             ;
; OPTIMIZE_POWER_DURING_SYNTHESIS     ; Extra effort                           ; Normal compilation ; --          ; --             ;
; PARTITION_COLOR                     ; -- (Not supported for targeted family) ; --                 ; --          ; Top            ;
; PARTITION_FITTER_PRESERVATION_LEVEL ; -- (Not supported for targeted family) ; --                 ; --          ; Top            ;
; PARTITION_NETLIST_TYPE              ; -- (Not supported for targeted family) ; --                 ; --          ; Top            ;
; POWER_BOARD_THERMAL_MODEL           ; None (CONSERVATIVE)                    ; --                 ; --          ; --             ;
; POWER_PRESET_COOLING_SOLUTION       ; 23 MM HEAT SINK WITH 200 LFPM AIRFLOW  ; --                 ; --          ; --             ;
; SMART_RECOMPILE                     ; On                                     ; Off                ; --          ; --             ;
; USE_SIGNALTAP_FILE                  ; DE2_115.stp                            ; --                 ; --          ; --             ;
; VHDL_INPUT_VERSION                  ; VHDL_2008                              ; VHDL_1993          ; --          ; --             ;
; VHDL_SHOW_LMF_MAPPING_MESSAGES      ; Off                                    ; --                 ; --          ; --             ;
+-------------------------------------+----------------------------------------+--------------------+-------------+----------------+


+--------------------------------------------------------------------------------------------------------------------------+
; Flow Elapsed Time                                                                                                        ;
+----------------------+--------------+-------------------------+---------------------+------------------------------------+
; Module Name          ; Elapsed Time ; Average Processors Used ; Peak Virtual Memory ; Total CPU Time (on all processors) ;
+----------------------+--------------+-------------------------+---------------------+------------------------------------+
; Analysis & Synthesis ; 00:00:07     ; 1.0                     ; 519 MB              ; 00:00:15                           ;
; Fitter               ; 00:00:12     ; 1.0                     ; 1202 MB             ; 00:00:18                           ;
; Assembler            ; 00:00:02     ; 1.0                     ; 375 MB              ; 00:00:02                           ;
; Timing Analyzer      ; 00:00:02     ; 1.1                     ; 568 MB              ; 00:00:02                           ;
; EDA Netlist Writer   ; 00:00:01     ; 1.0                     ; 640 MB              ; 00:00:01                           ;
; Total                ; 00:00:24     ; --                      ; --                  ; 00:00:38                           ;
+----------------------+--------------+-------------------------+---------------------+------------------------------------+


+---------------------------------------------------------------------------------------+
; Flow OS Summary                                                                       ;
+----------------------+------------------+---------------+------------+----------------+
; Module Name          ; Machine Hostname ; OS Name       ; OS Version ; Processor type ;
+----------------------+------------------+---------------+------------+----------------+
; Analysis & Synthesis ; pop-os           ; Pop!_OS 24.04 ; 24         ; x86_64         ;
; Fitter               ; pop-os           ; Pop!_OS 24.04 ; 24         ; x86_64         ;
; Assembler            ; pop-os           ; Pop!_OS 24.04 ; 24         ; x86_64         ;
; Timing Analyzer      ; pop-os           ; Pop!_OS 24.04 ; 24         ; x86_64         ;
; EDA Netlist Writer   ; pop-os           ; Pop!_OS 24.04 ; 24         ; x86_64         ;
+----------------------+------------------+---------------+------------+----------------+


------------
; Flow Log ;
------------
quartus_map --read_settings_files=on --write_settings_files=off DE2_115 -c DE2_115
quartus_fit --read_settings_files=off --write_settings_files=off DE2_115 -c DE2_115
quartus_asm --read_settings_files=off --write_settings_files=off DE2_115 -c DE2_115
quartus_sta DE2_115 -c DE2_115
quartus_eda --read_settings_files=off --write_settings_files=off DE2_115 -c DE2_115



